{
  "exclude": {
    "files": "^.secrets.baseline$",
    "lines": null
  },
  "generated_at": "2025-07-26T17:25:52Z",
  "plugins_used": [
    {
      "name": "AWSKeyDetector"
    },
    {
      "name": "ArtifactoryDetector"
    },
    {
      "name": "AzureStorageKeyDetector"
    },
    {
      "base64_limit": 4.5,
      "name": "Base64HighEntropyString"
    },
    {
      "name": "BasicAuthDetector"
    },
    {
      "name": "BoxDetector"
    },
    {
      "name": "CloudantDetector"
    },
    {
      "ghe_instance": "github.ibm.com",
      "name": "GheDetector"
    },
    {
      "name": "GitHubTokenDetector"
    },
    {
      "hex_limit": 3,
      "name": "HexHighEntropyString"
    },
    {
      "name": "IbmCloudIamDetector"
    },
    {
      "name": "IbmCosHmacDetector"
    },
    {
      "name": "JwtTokenDetector"
    },
    {
      "keyword_exclude": null,
      "name": "KeywordDetector"
    },
    {
      "name": "MailchimpDetector"
    },
    {
      "name": "NpmDetector"
    },
    {
      "name": "PrivateKeyDetector"
    },
    {
      "name": "SlackDetector"
    },
    {
      "name": "SoftlayerDetector"
    },
    {
      "name": "SquareOAuthDetector"
    },
    {
      "name": "StripeDetector"
    },
    {
      "name": "TwilioKeyDetector"
    }
  ],
  "results": {
    "examples/cell/quick_start.ipynb": [
      {
        "hashed_secret": "4c61efabc4bc81ec84c795041277855a85b0910f",
        "is_verified": false,
        "line_number": 14,
        "type": "Base64 High Entropy String",
        "verified_result": null
      }
    ],
    "examples/mexgen/RAG.ipynb": [
      {
        "hashed_secret": "7edab97170fc278bf247ccb7bef43ad6967a918d",
        "is_verified": false,
        "line_number": 177,
        "type": "Secret Keyword",
        "verified_result": null
      },
      {
        "hashed_secret": "9028b37e27d728088edc9015e035e69c29a523d4",
        "is_verified": false,
        "line_number": 179,
        "type": "Secret Keyword",
        "verified_result": null
      },
      {
        "hashed_secret": "b8b2f0d03f04cd29909f6a0088c2b72324d4f2fb",
        "is_verified": false,
        "line_number": 1317,
        "type": "Base64 High Entropy String",
        "verified_result": null
      }
    ],
    "examples/mexgen/question_answering.ipynb": [
      {
        "hashed_secret": "7edab97170fc278bf247ccb7bef43ad6967a918d",
        "is_verified": false,
        "line_number": 156,
        "type": "Secret Keyword",
        "verified_result": null
      },
      {
        "hashed_secret": "9028b37e27d728088edc9015e035e69c29a523d4",
        "is_secret": false,
        "is_verified": false,
        "line_number": 158,
        "type": "Secret Keyword",
        "verified_result": null
      },
      {
        "hashed_secret": "a5923e427937f5c02a9d8f8f5d28d8169da85a9f",
        "is_secret": false,
        "is_verified": false,
        "line_number": 1250,
        "type": "Base64 High Entropy String",
        "verified_result": null
      }
    ],
    "examples/mexgen/quick_start.ipynb": [
      {
        "hashed_secret": "aceeac92b0b2f105eaf709fc7b76ca968bc99e83",
        "is_verified": false,
        "line_number": 38,
        "type": "Base64 High Entropy String",
        "verified_result": null
      }
    ],
    "examples/mexgen/summarization.ipynb": [
      {
        "hashed_secret": "7edab97170fc278bf247ccb7bef43ad6967a918d",
        "is_verified": false,
        "line_number": 157,
        "type": "Secret Keyword",
        "verified_result": null
      },
      {
        "hashed_secret": "9028b37e27d728088edc9015e035e69c29a523d4",
        "is_secret": false,
        "is_verified": false,
        "line_number": 159,
        "type": "Secret Keyword",
        "verified_result": null
      },
      {
        "hashed_secret": "f768b4853bb1d7614d66a01cd89b88fd435ad75e",
        "is_secret": false,
        "is_verified": false,
        "line_number": 1664,
        "type": "Base64 High Entropy String",
        "verified_result": null
      }
    ],
    "examples/th/LLM_jailbreak.ipynb": [
      {
        "hashed_secret": "065cdbb11677efb7dd6c66b73a20d3246a9d4fe3",
        "is_verified": false,
        "line_number": 14,
        "type": "Base64 High Entropy String",
        "verified_result": null
      }
    ],
    "examples/th/quick_start.ipynb": [
      {
        "hashed_secret": "065cdbb11677efb7dd6c66b73a20d3246a9d4fe3",
        "is_verified": false,
        "line_number": 14,
        "type": "Base64 High Entropy String",
        "verified_result": null
      }
    ]
  },
  "version": "0.13.1+ibm.61.dss",
  "word_list": {
    "file": null,
    "hash": null
  }
}
